[33mÔØ»[39m Building...
[32mÔ£ö[39m Building...
[1mInitial chunk files[22m[2m | [22m[1mNames[22m        [2m | [22m [1mRaw size[22m[2m | [22m[1mEstimated transfer size[22m
[32mmain-XOONMLRT.js[39m   [2m | [22m[2mmain[22m         [2m | [22m[36m355.33 kB[39m[2m | [22m               [36m93.85 kB[39m
[32mstyles-LDDDXZRI.css[39m[2m | [22m[2mstyles[22m       [2m | [22m  [36m1.17 kB[39m[2m | [22m              [36m499 bytes[39m

[1m [22m                  [2m | [22m[1mInitial total[22m[2m | [22m[1m356.50 kB[22m[2m | [22m               [1m94.35 kB[22m

Application bundle generation failed. [1.634 seconds] - 2025-12-23T00:44:55.364Z

Ôû▓ [WARNING] src/app/features/catalog/product-list/product-list.component.scss exceeded maximum budget. Budget 4.00 kB was not met by 5.00 kB with a total of 9.00 kB.


X [ERROR] src/app/features/catalog/product-list/product-list.component.scss exceeded maximum budget. Budget 8.00 kB was not met by 996 bytes with a total of 9.00 kB.


