
> frontend@0.0.0 build
> ng build

[33mÔØ»[39m Building...
[32mÔ£ö[39m Building...
Application bundle generation failed. [1.367 seconds] - 2026-02-02T22:11:10.345Z

Ôû▓ [WARNING] NG8107: The left side of this optional chain operation does not include 'null' or 'undefined' in its type, therefore the '?.' operator can be replaced with the '.' operator. [plugin angular-compiler]

    src/app/features/catalog/product-list/product-list.component.html:157:33:
      157 Ôöé               Mostrando {{ page?.data?.length || 0 }} productos
          ÔòÁ                                  ~~~~

  Warning occurs in the template of component ProductListComponent.

    src/app/features/catalog/product-list/product-list.component.ts:14:15:
      14 Ôöé   templateUrl: './product-list.component.html',
         ÔòÁ                ~~~~~~~~~~~~~~~~~~~~~~~~~~~~~~~


X [ERROR] TS2531: Object is possibly 'null'. [plugin angular-compiler]

    src/app/features/catalog/product-list/product-list.component.html:118:41:
      118 Ôöé           } @else if (page?.data && page.data.length === 0) {
          ÔòÁ                                          ~~~~

  Error occurs in the template of component ProductListComponent.

    src/app/features/catalog/product-list/product-list.component.ts:14:15:
      14 Ôöé   templateUrl: './product-list.component.html',
         ÔòÁ                ~~~~~~~~~~~~~~~~~~~~~~~~~~~~~~~


